[construz.pixcelsthemes.com/demo/index.html]
[backblue.gif]
[fade.gif]
[index.html]
[construz.pixcelsthemes.com/demo/assets/img/favicons/favicon.png]
[construz.pixcelsthemes.com/demo/assets/css/bootstrap.min.css]
[construz.pixcelsthemes.com/demo/assets/fonts/remixicon.css]
[construz.pixcelsthemes.com/demo/assets/css/magnific-popup.min.css]
[construz.pixcelsthemes.com/demo/assets/css/slick.min.css]
[construz.pixcelsthemes.com/demo/assets/css/nice-select.min.css]
[construz.pixcelsthemes.com/demo/assets/css/style.css]
[construz.pixcelsthemes.com/demo/assets/img/logo.svg]
[construz.pixcelsthemes.com/demo/blog-details.html]
[construz.pixcelsthemes.com/demo/assets/img/blog/recent-post1.png]
[construz.pixcelsthemes.com/demo/blog.html]
[construz.pixcelsthemes.com/demo/assets/img/blog/recent-post2.png]
[construz.pixcelsthemes.com/demo/assets/img/blog/recent-post4.png]
[construz.pixcelsthemes.com/demo/home-2.html]
[construz.pixcelsthemes.com/demo/home-3.html]
[construz.pixcelsthemes.com/demo/home-4.html]
[construz.pixcelsthemes.com/demo/home-5.html]
[construz.pixcelsthemes.com/demo/home-1-op.html]
[construz.pixcelsthemes.com/demo/home-2-op.html]
[construz.pixcelsthemes.com/demo/home-3-op.html]
[construz.pixcelsthemes.com/demo/home-4-op.html]
[construz.pixcelsthemes.com/demo/home-5-op.html]
[construz.pixcelsthemes.com/demo/about.html]
[construz.pixcelsthemes.com/demo/team.html]
[construz.pixcelsthemes.com/demo/team-details.html]
[construz.pixcelsthemes.com/demo/shop.html]
[construz.pixcelsthemes.com/demo/shop-details.html]
[construz.pixcelsthemes.com/demo/cart.html]
[construz.pixcelsthemes.com/demo/checkout.html]
[construz.pixcelsthemes.com/demo/wishlist.html]
[construz.pixcelsthemes.com/demo/project.html]
[construz.pixcelsthemes.com/demo/project-details.html]
[construz.pixcelsthemes.com/demo/service.html]
[construz.pixcelsthemes.com/demo/service-details.html]
[construz.pixcelsthemes.com/demo/contact.html]
[construz.pixcelsthemes.com/demo/assets/img/bg/header-1-bg.png]
[construz.pixcelsthemes.com/demo/assets/img/hero/hero_bg_1_1.png]
[construz.pixcelsthemes.com/demo/assets/img/shape/global-line-shape1.png]
[construz.pixcelsthemes.com/demo/assets/img/hero/hero_thumb_1_1.png]
[construz.pixcelsthemes.com/demo/assets/img/hero/hero_thumb_1_2.png]
[construz.pixcelsthemes.com/demo/assets/img/hero/hero_thumb_1_3.png]
[construz.pixcelsthemes.com/demo/assets/img/hero/hero_shape_1_1.png]
[construz.pixcelsthemes.com/demo/assets/img/hero/hero_experience_wrap_bg_1_1.png]
[construz.pixcelsthemes.com/demo/assets/img/hero/hero_experience_wrap_icon_1_1.png]
[construz.pixcelsthemes.com/demo/assets/img/hero/hero_experience_wrap_icon_1_2.png]
[construz.pixcelsthemes.com/demo/assets/img/icon/long-arrow-right.png]
[construz.pixcelsthemes.com/demo/assets/img/shape/global-line-shape2.png]
[construz.pixcelsthemes.com/demo/assets/img/normal/about_shape_1-2.png]
[construz.pixcelsthemes.com/demo/assets/img/normal/about_1-1.png]
[construz.pixcelsthemes.com/demo/assets/img/normal/about_shape_1-1.png]
[construz.pixcelsthemes.com/demo/assets/img/normal/client_group_1-1.png]
[construz.pixcelsthemes.com/demo/assets/img/icon/section-subtitle-icon.svg]
[construz.pixcelsthemes.com/demo/assets/img/icon/about-checklsit-icon1-1.svg]
[construz.pixcelsthemes.com/demo/assets/img/icon/about-grid-icon1-1.svg]
[construz.pixcelsthemes.com/demo/assets/img/icon/about-grid-icon1-2.svg]
[construz.pixcelsthemes.com/demo/assets/img/bg/service-bg1-1.png]
[construz.pixcelsthemes.com/demo/assets/img/icon/service-icon1-1.png]
[construz.pixcelsthemes.com/demo/assets/img/icon/service-icon1-2.png]
[construz.pixcelsthemes.com/demo/assets/img/icon/service-icon1-3.png]
[construz.pixcelsthemes.com/demo/assets/img/icon/service-icon1-4.png]
[construz.pixcelsthemes.com/demo/assets/img/icon/service-icon1-5.png]
[construz.pixcelsthemes.com/demo/assets/img/normal/cta-thumb1-1.png]
[construz.pixcelsthemes.com/demo/assets/img/icon/why-icon1-1.svg]
[construz.pixcelsthemes.com/demo/assets/img/icon/why-icon1-2.svg]
[construz.pixcelsthemes.com/demo/assets/img/icon/why-icon1-3.svg]
[construz.pixcelsthemes.com/demo/assets/img/icon/why-icon1-4.svg]
[construz.pixcelsthemes.com/demo/assets/img/icon/why-icon1-5.svg]
[construz.pixcelsthemes.com/demo/assets/img/icon/why-icon1-6.svg]
[construz.pixcelsthemes.com/demo/assets/img/normal/why_1-1.png]
[construz.pixcelsthemes.com/demo/assets/img/shape/sec-bg-shape1.png]
[construz.pixcelsthemes.com/demo/assets/img/project/project1_1.png]
[construz.pixcelsthemes.com/demo/assets/img/project/project1_2.png]
[construz.pixcelsthemes.com/demo/assets/img/project/project1_3.png]
[construz.pixcelsthemes.com/demo/assets/img/bg/testimonial-bg1-1.png]
[construz.pixcelsthemes.com/demo/assets/img/shape/sec-bg-shape2.png]
[construz.pixcelsthemes.com/demo/assets/img/testimonial/testi_1_1.png]
[construz.pixcelsthemes.com/demo/assets/img/testimonial/testi_1_2.png]
[construz.pixcelsthemes.com/demo/assets/img/normal/client_group_1-2.png]
[construz.pixcelsthemes.com/demo/assets/img/bg/testimonial-card-bg1-1.png]
[construz.pixcelsthemes.com/demo/index.html]
[construz.pixcelsthemes.com/demo/assets/css/bootstrap.min.css]
[construz.pixcelsthemes.com/demo/assets/fonts/remixicon117c.svg]
[construz.pixcelsthemes.com/demo/assets/fonts/remixicon.css]
[construz.pixcelsthemes.com/demo/assets/css/magnific-popup.min.css]
[construz.pixcelsthemes.com/demo/assets/css/slick.min.css]
[construz.pixcelsthemes.com/demo/assets/css/nice-select.min.css]
[construz.pixcelsthemes.com/demo/assets/css/style.css]
[construz.pixcelsthemes.com/demo/assets/img/logo.svg]
[construz.pixcelsthemes.com/demo/blog-details.html]
[construz.pixcelsthemes.com/demo/blog.html]
[construz.pixcelsthemes.com/demo/home-2.html]
[construz.pixcelsthemes.com/demo/home-3.html]
[construz.pixcelsthemes.com/demo/home-4.html]
[construz.pixcelsthemes.com/demo/home-5.html]
[construz.pixcelsthemes.com/demo/home-1-op.html]
[construz.pixcelsthemes.com/demo/home-2-op.html]
[construz.pixcelsthemes.com/demo/home-3-op.html]
[construz.pixcelsthemes.com/demo/home-4-op.html]
[construz.pixcelsthemes.com/demo/home-5-op.html]
[construz.pixcelsthemes.com/demo/about.html]
[construz.pixcelsthemes.com/demo/team.html]
[construz.pixcelsthemes.com/demo/team-details.html]
[construz.pixcelsthemes.com/demo/shop.html]
[construz.pixcelsthemes.com/demo/shop-details.html]
[construz.pixcelsthemes.com/demo/cart.html]
[construz.pixcelsthemes.com/demo/checkout.html]
[construz.pixcelsthemes.com/demo/wishlist.html]
[construz.pixcelsthemes.com/demo/project.html]
[construz.pixcelsthemes.com/demo/project-details.html]
[construz.pixcelsthemes.com/demo/service.html]
[construz.pixcelsthemes.com/demo/service-details.html]
[construz.pixcelsthemes.com/demo/contact.html]
[construz.pixcelsthemes.com/demo/assets/img/icon/section-subtitle-icon.svg]
[construz.pixcelsthemes.com/demo/assets/img/icon/about-checklsit-icon1-1.svg]
[construz.pixcelsthemes.com/demo/assets/img/icon/about-grid-icon1-1.svg]
[construz.pixcelsthemes.com/demo/assets/img/icon/about-grid-icon1-2.svg]
[construz.pixcelsthemes.com/demo/assets/img/icon/why-icon1-1.svg]
[construz.pixcelsthemes.com/demo/assets/img/icon/why-icon1-2.svg]
[construz.pixcelsthemes.com/demo/assets/img/icon/why-icon1-3.svg]
[construz.pixcelsthemes.com/demo/assets/img/icon/why-icon1-4.svg]
[construz.pixcelsthemes.com/demo/assets/img/icon/why-icon1-5.svg]
[construz.pixcelsthemes.com/demo/assets/img/icon/why-icon1-6.svg]
[construz.pixcelsthemes.com/demo/assets/img/icon/quote.svg]
[construz.pixcelsthemes.com/demo/assets/img/bg/team-card-bg1-1.html]
[construz.pixcelsthemes.com/demo/assets/img/team/team-1-1.html]
[construz.pixcelsthemes.com/demo/assets/img/team/team-1-2.html]
[construz.pixcelsthemes.com/demo/assets/img/team/team-1-3.html]
[construz.pixcelsthemes.com/demo/assets/img/shape/client-bg-shape1.html]
[construz.pixcelsthemes.com/demo/assets/img/client/client-1-1.html]
[construz.pixcelsthemes.com/demo/assets/img/client/client-1-2.html]
[construz.pixcelsthemes.com/demo/assets/img/client/client-1-3.html]
[construz.pixcelsthemes.com/demo/assets/img/client/client-1-4.html]
[construz.pixcelsthemes.com/demo/assets/img/client/client-1-5.html]
[construz.pixcelsthemes.com/demo/assets/img/blog/blog_1_1.html]
[construz.pixcelsthemes.com/demo/assets/img/blog/blog_1_2.html]
[construz.pixcelsthemes.com/demo/assets/img/blog/blog_1_3.html]
[construz.pixcelsthemes.com/demo/assets/img/bg/footer-bg1-1.html]
[construz.pixcelsthemes.com/demo/assets/img/logo-white.html]
[construz.pixcelsthemes.com/demo/assets/js/vendor/jquery-3.6.0.min.html]
[construz.pixcelsthemes.com/demo/assets/js/slick.min.html]
[construz.pixcelsthemes.com/demo/assets/js/jquery-ui.min.html]
[construz.pixcelsthemes.com/demo/assets/js/bootstrap.min.html]
[construz.pixcelsthemes.com/demo/assets/js/jquery.magnific-popup.min.html]
[construz.pixcelsthemes.com/demo/assets/js/jquery.counterup.min.html]
[construz.pixcelsthemes.com/demo/assets/js/jquery.marquee.min.html]
[construz.pixcelsthemes.com/demo/assets/js/imagesloaded.pkgd.min.html]
[construz.pixcelsthemes.com/demo/assets/js/isotope.pkgd.min.html]
[construz.pixcelsthemes.com/demo/assets/js/nice-select.min.html]
[construz.pixcelsthemes.com/demo/assets/js/wow.min.html]
[construz.pixcelsthemes.com/demo/assets/js/waypoints.min.html]
[construz.pixcelsthemes.com/demo/assets/js/main.html]
[construz.pixcelsthemes.com/demo/assets/fonts/remixicon117c.html]
[construz.pixcelsthemes.com/demo/assets/fonts/remixicon117c-2.html]
[construz.pixcelsthemes.com/demo/assets/fonts/remixicon117c-3.html]
[construz.pixcelsthemes.com/demo/assets/fonts/remixicon117c-4.html]
[construz.pixcelsthemes.com/demo/assets/fonts/remixicon117c-5.html]
[construz.pixcelsthemes.com/demo/assets/img/bg/breadcrumb-bg.html]
[construz.pixcelsthemes.com/demo/assets/img/blog/blog_details1_1.html]
[construz.pixcelsthemes.com/demo/assets/img/blog/blog_details1_2.html]
[construz.pixcelsthemes.com/demo/assets/img/blog/blog_details1_3.html]
[construz.pixcelsthemes.com/demo/assets/img/blog/blog_details1_4.html]
[construz.pixcelsthemes.com/demo/assets/img/blog/blog-author.html]
[construz.pixcelsthemes.com/demo/assets/img/blog/blog_comment1.html]
[construz.pixcelsthemes.com/demo/assets/img/blog/blog_comment2.html]
[construz.pixcelsthemes.com/demo/assets/img/blog/blog_comment3.html]
[construz.pixcelsthemes.com/demo/assets/img/blog/recent-post3.html]
[construz.pixcelsthemes.com/demo/assets/img/widget/widget-add.html]
[construz.pixcelsthemes.com/demo/assets/img/blog/blog_1_4.html]
[construz.pixcelsthemes.com/demo/assets/img/blog/blog_1_5.html]
[construz.pixcelsthemes.com/demo/assets/img/blog/blog_1_6.html]
[construz.pixcelsthemes.com/demo/assets/img/hero/hero_thumb_2_1.html]
[construz.pixcelsthemes.com/demo/assets/img/hero/hero_thumb_2_2.html]
[construz.pixcelsthemes.com/demo/assets/img/hero/hero_shape_2_1.html]
[construz.pixcelsthemes.com/demo/assets/img/hero/hero_shape_2_2.html]
[construz.pixcelsthemes.com/demo/assets/img/hero/hero_shape_2_3.html]
[construz.pixcelsthemes.com/demo/assets/img/normal/about_2-1.html]
[construz.pixcelsthemes.com/demo/assets/img/normal/about_shape_2-2.html]
[construz.pixcelsthemes.com/demo/assets/img/icon/service-icon2-1.html]
[construz.pixcelsthemes.com/demo/assets/img/icon/service-icon2-2.html]
[construz.pixcelsthemes.com/demo/assets/img/icon/service-icon2-3.html]
[construz.pixcelsthemes.com/demo/assets/img/icon/service-icon2-4.html]
[construz.pixcelsthemes.com/demo/assets/img/normal/process-thumb2-1.html]
[construz.pixcelsthemes.com/demo/assets/img/project/project2_1.html]
[construz.pixcelsthemes.com/demo/assets/img/project/project2_2.html]
[construz.pixcelsthemes.com/demo/assets/img/project/project2_3.html]
[construz.pixcelsthemes.com/demo/assets/img/bg/testimonial-bg-shape2-1.html]
[construz.pixcelsthemes.com/demo/assets/img/bg/testimonial-bg-shape2-2.html]
[construz.pixcelsthemes.com/demo/assets/img/bg/testimonial-bg2-1.html]
[construz.pixcelsthemes.com/demo/assets/img/normal/testimonial_2-1.html]
[construz.pixcelsthemes.com/demo/assets/img/testimonial/testi_2_1.html]
[construz.pixcelsthemes.com/demo/assets/img/icon/quote2.html]
[construz.pixcelsthemes.com/demo/assets/img/testimonial/testi_2_2.html]
[construz.pixcelsthemes.com/demo/assets/img/testimonial/testi_2_3.html]
[construz.pixcelsthemes.com/demo/assets/img/bg/pricing-card-bg1-1.html]
[construz.pixcelsthemes.com/demo/assets/img/icon/pricing-icon1-1.html]
[construz.pixcelsthemes.com/demo/assets/img/bg/faq-bg-shape1-1.html]
[construz.pixcelsthemes.com/demo/assets/img/normal/faq_1-1.html]
[construz.pixcelsthemes.com/demo/assets/img/bg/contact-bg1-1.html]
[construz.pixcelsthemes.com/demo/assets/img/normal/contact_1-1.html]
[construz.pixcelsthemes.com/demo/assets/img/icon/contact-icon1-1.html]
[construz.pixcelsthemes.com/demo/assets/img/icon/contact-icon1-2.html]
[construz.pixcelsthemes.com/demo/assets/img/icon/contact-icon1-3.html]
[construz.pixcelsthemes.com/demo/assets/img/icon/contact-icon1-4.html]
[construz.pixcelsthemes.com/demo/assets/img/hero/hero_bg_3_1.html]
[construz.pixcelsthemes.com/demo/assets/img/icon/long-arrow-right2.html]
[construz.pixcelsthemes.com/demo/assets/img/normal/about_3-4.html]
[construz.pixcelsthemes.com/demo/assets/img/normal/about_3-3.html]
[construz.pixcelsthemes.com/demo/assets/img/normal/about_3-1.html]
[construz.pixcelsthemes.com/demo/assets/img/normal/about_mask3-2.html]
[construz.pixcelsthemes.com/demo/assets/img/normal/about_3-2.html]
[construz.pixcelsthemes.com/demo/assets/img/bg/why-bg3-1.html]
[construz.pixcelsthemes.com/demo/assets/img/why/why-tab-thumb3-1.html]
[construz.pixcelsthemes.com/demo/assets/img/why/why-tab-thumb3-2.html]
[construz.pixcelsthemes.com/demo/assets/img/bg/contact-bg3-1.html]
[construz.pixcelsthemes.com/demo/assets/img/icon/quote3.html]
[construz.pixcelsthemes.com/demo/assets/img/client/client-2-1.html]
[construz.pixcelsthemes.com/demo/assets/img/client/client-2-2.html]
[construz.pixcelsthemes.com/demo/assets/img/client/client-2-3.html]
[construz.pixcelsthemes.com/demo/assets/img/client/client-2-4.html]
[construz.pixcelsthemes.com/demo/assets/img/client/client-2-5.html]
[construz.pixcelsthemes.com/demo/assets/img/team/team-2-1.html]
[construz.pixcelsthemes.com/demo/assets/img/team/team-2-2.html]
[construz.pixcelsthemes.com/demo/assets/img/team/team-2-3.html]
[construz.pixcelsthemes.com/demo/assets/img/hero/hero_4_contact_bg.html]
[construz.pixcelsthemes.com/demo/assets/img/hero/hero_4_award_bg.html]
[construz.pixcelsthemes.com/demo/assets/img/hero/hero_4_award_icon.html]
[construz.pixcelsthemes.com/demo/assets/img/logo-white2.html]
[construz.pixcelsthemes.com/demo/assets/img/hero/hero4-contact-info-icon1.html]
[construz.pixcelsthemes.com/demo/assets/img/hero/hero4-contact-info-icon2.html]
[construz.pixcelsthemes.com/demo/assets/img/hero/hero4-contact-info-icon3.html]
[construz.pixcelsthemes.com/demo/assets/img/icon/service-icon4-1.html]
[construz.pixcelsthemes.com/demo/assets/img/icon/service-icon4-2.html]
[construz.pixcelsthemes.com/demo/assets/img/icon/service-icon4-3.html]
[construz.pixcelsthemes.com/demo/assets/img/bg/about-bg-shape4-1.html]
[construz.pixcelsthemes.com/demo/assets/img/normal/about_4-1.html]
[construz.pixcelsthemes.com/demo/assets/img/normal/about_4-2.html]
[construz.pixcelsthemes.com/demo/assets/img/normal/client_group_4-1.html]
[construz.pixcelsthemes.com/demo/assets/img/normal/about_4-sign.html]
[construz.pixcelsthemes.com/demo/assets/img/bg/service-bg6-1.html]
[construz.pixcelsthemes.com/demo/assets/img/bg/service-card-bg6-1.html]
[construz.pixcelsthemes.com/demo/assets/img/service/service_thumb6_mask.html]
[construz.pixcelsthemes.com/demo/assets/img/service/service_thumb6_1.html]
[construz.pixcelsthemes.com/demo/assets/img/service/service_thumb6_2.html]
[construz.pixcelsthemes.com/demo/assets/img/service/service_thumb6_3.html]
[construz.pixcelsthemes.com/demo/assets/img/bg/why-bg4-1.html]
[construz.pixcelsthemes.com/demo/assets/img/bg/video-bg2-1.html]
[construz.pixcelsthemes.com/demo/assets/img/bg/project-bg4-1.html]
[construz.pixcelsthemes.com/demo/assets/img/project/project4_1.html]
[construz.pixcelsthemes.com/demo/assets/img/project/project4_2.html]
[construz.pixcelsthemes.com/demo/assets/img/project/project4_3.html]
[construz.pixcelsthemes.com/demo/assets/img/bg/testimonial-bg4-1.html]
[construz.pixcelsthemes.com/demo/assets/img/bg/cta-bg4-2.html]
[construz.pixcelsthemes.com/demo/assets/img/blog/blog_4_1.html]
[construz.pixcelsthemes.com/demo/assets/img/blog/blog_4_2.html]
[construz.pixcelsthemes.com/demo/assets/img/blog/blog_4_3.html]
[construz.pixcelsthemes.com/demo/assets/img/bg/client-bg4-1.html]
[construz.pixcelsthemes.com/demo/assets/img/bg/subscribe-bg4-1.html]
[construz.pixcelsthemes.com/demo/assets/img/normal/subscribe_4-1.html]
[construz.pixcelsthemes.com/demo/assets/img/hero/hero_shape_5_1.html]
[construz.pixcelsthemes.com/demo/assets/img/hero/hero_bg_5_1.html]
[construz.pixcelsthemes.com/demo/assets/img/icon/google-logo.html]
[construz.pixcelsthemes.com/demo/assets/img/icon/facebook-logo.html]
[construz.pixcelsthemes.com/demo/assets/img/icon/construz-logo.html]
[construz.pixcelsthemes.com/demo/assets/img/hero/hero_bg_5_2.html]
[construz.pixcelsthemes.com/demo/assets/img/hero/hero_bg_5_3.html]
[construz.pixcelsthemes.com/demo/assets/img/bg/about-bg-shape5-1.html]
[construz.pixcelsthemes.com/demo/assets/img/normal/about_5-1.html]
[construz.pixcelsthemes.com/demo/assets/img/normal/about_5-2.html]
[construz.pixcelsthemes.com/demo/assets/img/bg/why-bg5-1.html]
[construz.pixcelsthemes.com/demo/assets/img/bg/benefit-bg-shape5-1.html]
[construz.pixcelsthemes.com/demo/assets/img/normal/benefit-thumb5-1.html]
[construz.pixcelsthemes.com/demo/assets/img/icon/benefit-icon1-1.html]
[construz.pixcelsthemes.com/demo/assets/img/icon/benefit-icon1-2.html]
[construz.pixcelsthemes.com/demo/assets/img/icon/benefit-icon1-3.html]
[construz.pixcelsthemes.com/demo/assets/img/icon/benefit-icon1-4.html]
[construz.pixcelsthemes.com/demo/assets/img/icon/benefit-icon1-5.html]
[construz.pixcelsthemes.com/demo/assets/img/icon/benefit-icon1-6.html]
[construz.pixcelsthemes.com/demo/assets/img/bg/testimonial-bg5-1.html]
[construz.pixcelsthemes.com/demo/assets/img/bg/testimonial-bg5-2.html]
[construz.pixcelsthemes.com/demo/assets/img/testimonial/testi_5_1.html]
[construz.pixcelsthemes.com/demo/assets/img/bg/award-bg5-1.html]
[construz.pixcelsthemes.com/demo/assets/img/bg/award-card-bg1-1.html]
[construz.pixcelsthemes.com/demo/assets/img/award/award1-1.html]
[construz.pixcelsthemes.com/demo/assets/img/award/award1-2.html]
[construz.pixcelsthemes.com/demo/assets/img/award/award1-3.html]
[construz.pixcelsthemes.com/demo/assets/img/award/award1-4.html]
[construz.pixcelsthemes.com/demo/assets/img/bg/contact-bg4-1.html]
[construz.pixcelsthemes.com/demo/assets/img/project/project5_1.html]
[construz.pixcelsthemes.com/demo/assets/img/project/project5_2.html]
[construz.pixcelsthemes.com/demo/assets/img/project/project5_3.html]
[construz.pixcelsthemes.com/demo/assets/img/project/project5_4.html]
[construz.pixcelsthemes.com/demo/assets/img/project/project5_5.html]
[construz.pixcelsthemes.com/demo/assets/img/blog/blog_5_1.html]
[construz.pixcelsthemes.com/demo/assets/img/blog/blog_5_2.html]
[construz.pixcelsthemes.com/demo/assets/img/blog/blog_5_3.html]
[construz.pixcelsthemes.com/demo/assets/img/bg/cta-bg5-1.html]
[construz.pixcelsthemes.com/demo/assets/img/team/team-1-4.html]
[construz.pixcelsthemes.com/demo/assets/img/team/team-1-5.html]
[construz.pixcelsthemes.com/demo/assets/img/team/team-1-6.html]
[construz.pixcelsthemes.com/demo/assets/img/team/team-details-card-bg-1.html]
[construz.pixcelsthemes.com/demo/assets/img/product/product_details_1_1.html]
[construz.pixcelsthemes.com/demo/assets/img/product/product_1_1.html]
[construz.pixcelsthemes.com/demo/assets/img/product/product_1_2.html]
[construz.pixcelsthemes.com/demo/assets/img/product/product_1_3.html]
[construz.pixcelsthemes.com/demo/assets/img/product/product_1_4.html]
[construz.pixcelsthemes.com/demo/assets/img/product/product_1_5.html]
[construz.pixcelsthemes.com/demo/assets/img/product/product_1_6.html]
[construz.pixcelsthemes.com/demo/assets/img/product/product_1_7.html]
[construz.pixcelsthemes.com/demo/assets/img/product/product_1_8.html]
[construz.pixcelsthemes.com/demo/assets/img/product/product_1_9.html]
[construz.pixcelsthemes.com/demo/assets/img/payment-method/03.html]
[construz.pixcelsthemes.com/demo/assets/img/payment-method/01.html]
[construz.pixcelsthemes.com/demo/assets/img/payment-method/02.html]
[construz.pixcelsthemes.com/demo/assets/img/payment-method/04.html]
[construz.pixcelsthemes.com/demo/assets/img/payment-method/05.html]
[construz.pixcelsthemes.com/demo/assets/img/project/project2_4.html]
[construz.pixcelsthemes.com/demo/assets/img/project/project2_5.html]
[construz.pixcelsthemes.com/demo/assets/img/project/project2_6.html]
[construz.pixcelsthemes.com/demo/assets/img/project/project2_7.html]
[construz.pixcelsthemes.com/demo/assets/img/project/project2_8.html]
[construz.pixcelsthemes.com/demo/assets/img/project/project2_9.html]
[construz.pixcelsthemes.com/demo/assets/img/project/project_details1_1.html]
[construz.pixcelsthemes.com/demo/assets/img/project/project_details1_2.html]
[construz.pixcelsthemes.com/demo/assets/img/service/service_details1_1.html]
[construz.pixcelsthemes.com/demo/assets/img/service/service_details1_2.html]
[construz.pixcelsthemes.com/demo/assets/img/normal/contact_page1-1.html]
[construz.pixcelsthemes.com/demo/assets/img/normal/contact_page1-2.html]
[construz.pixcelsthemes.com/demo/assets/img/normal/contact_page1-3.html]
